// Jest Snapshot v1, https://goo.gl/fbAQLP

exports[`renders correctly 1`] = `
<div
  className="sc-bdVaJa cUhefd"
  style={
    Object {
      "height": 10,
    }
  }
/>
`;
